../Core/Src/main.c:88:5:main	280	static
../Core/Src/main.c:227:6:SystemClock_Config	120	static
../Core/Src/main.c:279:13:MX_ADC_Init	16	static
../Core/Src/main.c:335:13:MX_I2C1_Init	8	static
../Core/Src/main.c:383:13:MX_I2C2_Init	8	static
../Core/Src/main.c:431:13:MX_TIM6_Init	16	static
../Core/Src/main.c:469:13:MX_USART1_UART_Init	8	static
../Core/Src/main.c:504:13:MX_GPIO_Init	56	static
../Core/Src/main.c:549:6:HAL_TIM_PeriodElapsedCallback	16	static
../Core/Src/main.c:573:6:Error_Handler	8	static,ignoring_inline_asm
