../Core/Src/stm32l0xx_hal_msp.c:63:6:HAL_MspInit	8	static
../Core/Src/stm32l0xx_hal_msp.c:85:6:HAL_ADC_MspInit	48	static
../Core/Src/stm32l0xx_hal_msp.c:118:6:HAL_ADC_MspDeInit	16	static
../Core/Src/stm32l0xx_hal_msp.c:146:6:HAL_I2C_MspInit	56	static
../Core/Src/stm32l0xx_hal_msp.c:213:6:HAL_I2C_MspDeInit	16	static
../Core/Src/stm32l0xx_hal_msp.c:264:6:HAL_TIM_Base_MspInit	16	static
../Core/Src/stm32l0xx_hal_msp.c:289:6:HAL_TIM_Base_MspDeInit	16	static
../Core/Src/stm32l0xx_hal_msp.c:314:6:HAL_UART_MspInit	48	static
../Core/Src/stm32l0xx_hal_msp.c:350:6:HAL_UART_MspDeInit	16	static
